{"nbformat":4,"nbformat_minor":0,"metadata":{"colab":{"name":"Google Colab Tutorial.ipynb","provenance":[],"collapsed_sections":[],"toc_visible":true,"authorship_tag":"ABX9TyOfMKQDX9lTTpeP1Mlfw3yF"},"kernelspec":{"name":"python3","display_name":"Python 3"},"language_info":{"name":"python"},"accelerator":"GPU"},"cells":[{"cell_type":"code","execution_count":2,"metadata":{"colab":{"base_uri":"https://localhost:8080/"},"id":"1TrPZUBJRm9m","executionInfo":{"status":"ok","timestamp":1649255660346,"user_tz":-60,"elapsed":208,"user":{"displayName":"Lei Luo","userId":"12117982536677976370"}},"outputId":"0442f6c4-b10b-48e5-9e1e-28d988ef4050"},"outputs":[{"output_type":"execute_result","data":{"text/plain":["[name: \"/device:CPU:0\"\n"," device_type: \"CPU\"\n"," memory_limit: 268435456\n"," locality {\n"," }\n"," incarnation: 13888172349635247878\n"," xla_global_id: -1, name: \"/device:GPU:0\"\n"," device_type: \"GPU\"\n"," memory_limit: 11320098816\n"," locality {\n","   bus_id: 1\n","   links {\n","   }\n"," }\n"," incarnation: 5270969710977778457\n"," physical_device_desc: \"device: 0, name: Tesla K80, pci bus id: 0000:00:04.0, compute capability: 3.7\"\n"," xla_global_id: 416903419]"]},"metadata":{},"execution_count":2}],"source":["import tensorflow as tf\n","tf.test.gpu_device_name()\n","from tensorflow.python.client import device_lib\n","device_lib.list_local_devices()"]},{"cell_type":"code","source":["!cat /proc/meminfo"],"metadata":{"colab":{"base_uri":"https://localhost:8080/"},"id":"z39HFm3sTTxU","executionInfo":{"status":"ok","timestamp":1649255731864,"user_tz":-60,"elapsed":572,"user":{"displayName":"Lei Luo","userId":"12117982536677976370"}},"outputId":"e9745de2-44a5-46e4-a84c-00dea22e7775"},"execution_count":3,"outputs":[{"output_type":"stream","name":"stdout","text":["MemTotal:       13302920 kB\n","MemFree:         9495936 kB\n","MemAvailable:   11975480 kB\n","Buffers:          111708 kB\n","Cached:          2402008 kB\n","SwapCached:            0 kB\n","Active:          1359504 kB\n","Inactive:        2130572 kB\n","Active(anon):     810084 kB\n","Inactive(anon):     2512 kB\n","Active(file):     549420 kB\n","Inactive(file):  2128060 kB\n","Unevictable:           0 kB\n","Mlocked:               0 kB\n","SwapTotal:             0 kB\n","SwapFree:              0 kB\n","Dirty:               268 kB\n","Writeback:             0 kB\n","AnonPages:        976456 kB\n","Mapped:           663428 kB\n","Shmem:              3244 kB\n","KReclaimable:      87080 kB\n","Slab:             140584 kB\n","SReclaimable:      87080 kB\n","SUnreclaim:        53504 kB\n","KernelStack:        5312 kB\n","PageTables:        11388 kB\n","NFS_Unstable:          0 kB\n","Bounce:                0 kB\n","WritebackTmp:          0 kB\n","CommitLimit:     6651460 kB\n","Committed_AS:    3675464 kB\n","VmallocTotal:   34359738367 kB\n","VmallocUsed:       46996 kB\n","VmallocChunk:          0 kB\n","Percpu:             1448 kB\n","AnonHugePages:      2048 kB\n","ShmemHugePages:        0 kB\n","ShmemPmdMapped:        0 kB\n","FileHugePages:         0 kB\n","FilePmdMapped:         0 kB\n","CmaTotal:              0 kB\n","CmaFree:               0 kB\n","HugePages_Total:       0\n","HugePages_Free:        0\n","HugePages_Rsvd:        0\n","HugePages_Surp:        0\n","Hugepagesize:       2048 kB\n","Hugetlb:               0 kB\n","DirectMap4k:      199488 kB\n","DirectMap2M:     6088704 kB\n","DirectMap1G:     9437184 kB\n"]}]},{"cell_type":"code","source":["!cat /proc/cpuinfo"],"metadata":{"colab":{"base_uri":"https://localhost:8080/"},"id":"aO8uHLsaTaxN","executionInfo":{"status":"ok","timestamp":1649255759809,"user_tz":-60,"elapsed":180,"user":{"displayName":"Lei Luo","userId":"12117982536677976370"}},"outputId":"de7ab665-6a7e-49e1-c012-d36096c6d1bf"},"execution_count":4,"outputs":[{"output_type":"stream","name":"stdout","text":["processor\t: 0\n","vendor_id\t: GenuineIntel\n","cpu family\t: 6\n","model\t\t: 63\n","model name\t: Intel(R) Xeon(R) CPU @ 2.30GHz\n","stepping\t: 0\n","microcode\t: 0x1\n","cpu MHz\t\t: 2299.998\n","cache size\t: 46080 KB\n","physical id\t: 0\n","siblings\t: 2\n","core id\t\t: 0\n","cpu cores\t: 1\n","apicid\t\t: 0\n","initial apicid\t: 0\n","fpu\t\t: yes\n","fpu_exception\t: yes\n","cpuid level\t: 13\n","wp\t\t: yes\n","flags\t\t: fpu vme de pse tsc msr pae mce cx8 apic sep mtrr pge mca cmov pat pse36 clflush mmx fxsr sse sse2 ss ht syscall nx pdpe1gb rdtscp lm constant_tsc rep_good nopl xtopology nonstop_tsc cpuid tsc_known_freq pni pclmulqdq ssse3 fma cx16 pcid sse4_1 sse4_2 x2apic movbe popcnt aes xsave avx f16c rdrand hypervisor lahf_lm abm invpcid_single ssbd ibrs ibpb stibp fsgsbase tsc_adjust bmi1 avx2 smep bmi2 erms invpcid xsaveopt arat md_clear arch_capabilities\n","bugs\t\t: cpu_meltdown spectre_v1 spectre_v2 spec_store_bypass l1tf mds swapgs\n","bogomips\t: 4599.99\n","clflush size\t: 64\n","cache_alignment\t: 64\n","address sizes\t: 46 bits physical, 48 bits virtual\n","power management:\n","\n","processor\t: 1\n","vendor_id\t: GenuineIntel\n","cpu family\t: 6\n","model\t\t: 63\n","model name\t: Intel(R) Xeon(R) CPU @ 2.30GHz\n","stepping\t: 0\n","microcode\t: 0x1\n","cpu MHz\t\t: 2299.998\n","cache size\t: 46080 KB\n","physical id\t: 0\n","siblings\t: 2\n","core id\t\t: 0\n","cpu cores\t: 1\n","apicid\t\t: 1\n","initial apicid\t: 1\n","fpu\t\t: yes\n","fpu_exception\t: yes\n","cpuid level\t: 13\n","wp\t\t: yes\n","flags\t\t: fpu vme de pse tsc msr pae mce cx8 apic sep mtrr pge mca cmov pat pse36 clflush mmx fxsr sse sse2 ss ht syscall nx pdpe1gb rdtscp lm constant_tsc rep_good nopl xtopology nonstop_tsc cpuid tsc_known_freq pni pclmulqdq ssse3 fma cx16 pcid sse4_1 sse4_2 x2apic movbe popcnt aes xsave avx f16c rdrand hypervisor lahf_lm abm invpcid_single ssbd ibrs ibpb stibp fsgsbase tsc_adjust bmi1 avx2 smep bmi2 erms invpcid xsaveopt arat md_clear arch_capabilities\n","bugs\t\t: cpu_meltdown spectre_v1 spectre_v2 spec_store_bypass l1tf mds swapgs\n","bogomips\t: 4599.99\n","clflush size\t: 64\n","cache_alignment\t: 64\n","address sizes\t: 46 bits physical, 48 bits virtual\n","power management:\n","\n"]}]}]}